// Jest Snapshot v1, https://goo.gl/fbAQLP

exports[`Format apex: AnnotatedParamSpacing.cls: AnnotatedParamSpacing.cls 1`] = `
@isTest(SeeAllData=false) class AnnotatedParamSpacing
{}

~~~~~~~~~~~~~~~~~~~~~~~~~~~~~~~~~~~~~~~~~~~~~~~~~~~~~~~~~~~~~~~~~~~~~~~~~~~~~~~~
@IsTest(SeeAllData = false)
class AnnotatedParamSpacing {
}

`;
