// Jest Snapshot v1, https://goo.gl/fbAQLP

exports[`Format apex: AnnotatedClassCamelCase.cls: AnnotatedClassCamelCase.cls 1`] = `
@isTest class AnnotatedClassCamelCase
{}

~~~~~~~~~~~~~~~~~~~~~~~~~~~~~~~~~~~~~~~~~~~~~~~~~~~~~~~~~~~~~~~~~~~~~~~~~~~~~~~~
@IsTest
class AnnotatedClassCamelCase {
}

`;
